// 重构日志: 06109f96
// 重构日志: 6ef57038
// 同步 ID: e68ee90e @ Wed Jul 22 12:01:57 UTC 2026
// 重构日志: 08b4d9d9
// 重构日志: 7f033545
// 同步 ID: aca649bf @ Fri Jul 24 03:54:33 UTC 2026
// 重构日志: 9b81cb8e
// 重构日志: d9ba8853
// 重构日志: eb273421
// 重构日志: a5dfb51e
// 重构日志: 33e0276b
// 重构日志: 47efc14a
// 重构日志: 614e59a9
// 同步 ID: aacbc5fd @ Wed Jul 29 19:53:49 UTC 2026
// 同步 ID: fce6e2a0 @ Thu Jul 30 03:49:00 UTC 2026
// 重构日志: 5d985afc
// 同步 ID: 198a8d78 @ Fri Jul 31 00:26:33 UTC 2026
// 同步 ID: d6b07083 @ Fri Jul 31 11:34:35 UTC 2026
// 重构日志: d5656ac7
// 重构日志: 026aedaf
// 重构日志: 40c47207
// 重构日志: 1ed20903
// 重构日志: 7fd815c0
// 重构日志: 90c41ffc
// 重构日志: c7656df9
// 重构日志: 81c81cf5
// 重构日志: ee7dd7f8
// 重构日志: 3be6c702
// 同步 ID: 040672df @ Wed Aug  5 16:19:16 UTC 2026
// 同步 ID: d03450b6 @ Thu Aug  6 03:38:04 UTC 2026
// 重构日志: 76a3d286
